###############################################################################
#
# IAR ELF Linker V8.30.1.114/W32 for ARM                  25/Aug/2019  13:12:48
# Copyright 2007-2018 IAR Systems AB.
#
#    Output file  =  
#        C:\Users\cyfch\Desktop\纯试车版本（改了昨晚的pid）\Prj\IAR\DZ10_Debug\Exe\vcan_Kinetis.out
#    Map file     =  
#        C:\Users\cyfch\Desktop\纯试车版本（改了昨晚的pid）\Prj\IAR\DZ10_Debug\List\vcan_Kinetis.map
#    Command line =  
#        -f C:\Users\cyfch\AppData\Local\Temp\EWBC27.tmp
#        (C:\Users\cyfch\Desktop\纯试车版本（改了昨晚的pid）\Prj\IAR\DZ10_Debug\Obj\Butten.o
#        C:\Users\cyfch\Desktop\纯试车版本（改了昨晚的pid）\Prj\IAR\DZ10_Debug\Obj\CAN_Control.o
#        C:\Users\cyfch\Desktop\纯试车版本（改了昨晚的pid）\Prj\IAR\DZ10_Debug\Obj\chassis.o
#        C:\Users\cyfch\Desktop\纯试车版本（改了昨晚的pid）\Prj\IAR\DZ10_Debug\Obj\chassis_get_control.o
#        C:\Users\cyfch\Desktop\纯试车版本（改了昨晚的pid）\Prj\IAR\DZ10_Debug\Obj\CL_FUN.o
#        C:\Users\cyfch\Desktop\纯试车版本（改了昨晚的pid）\Prj\IAR\DZ10_Debug\Obj\destination.o
#        C:\Users\cyfch\Desktop\纯试车版本（改了昨晚的pid）\Prj\IAR\DZ10_Debug\Obj\electromagnet.o
#        C:\Users\cyfch\Desktop\纯试车版本（改了昨晚的pid）\Prj\IAR\DZ10_Debug\Obj\EQTask.o
#        C:\Users\cyfch\Desktop\纯试车版本（改了昨晚的pid）\Prj\IAR\DZ10_Debug\Obj\GetChessLocation.o
#        C:\Users\cyfch\Desktop\纯试车版本（改了昨晚的pid）\Prj\IAR\DZ10_Debug\Obj\gyrostat.o
#        C:\Users\cyfch\Desktop\纯试车版本（改了昨晚的pid）\Prj\IAR\DZ10_Debug\Obj\Keyboard.o
#        C:\Users\cyfch\Desktop\纯试车版本（改了昨晚的pid）\Prj\IAR\DZ10_Debug\Obj\LCD12864.o
#        C:\Users\cyfch\Desktop\纯试车版本（改了昨晚的pid）\Prj\IAR\DZ10_Debug\Obj\main.o
#        C:\Users\cyfch\Desktop\纯试车版本（改了昨晚的pid）\Prj\IAR\DZ10_Debug\Obj\misc.o
#        C:\Users\cyfch\Desktop\纯试车版本（改了昨晚的pid）\Prj\IAR\DZ10_Debug\Obj\MK60_adc.o
#        C:\Users\cyfch\Desktop\纯试车版本（改了昨晚的pid）\Prj\IAR\DZ10_Debug\Obj\MK60_can.o
#        C:\Users\cyfch\Desktop\纯试车版本（改了昨晚的pid）\Prj\IAR\DZ10_Debug\Obj\MK60_conf.o
#        C:\Users\cyfch\Desktop\纯试车版本（改了昨晚的pid）\Prj\IAR\DZ10_Debug\Obj\MK60_dac.o
#        C:\Users\cyfch\Desktop\纯试车版本（改了昨晚的pid）\Prj\IAR\DZ10_Debug\Obj\MK60_dma.o
#        C:\Users\cyfch\Desktop\纯试车版本（改了昨晚的pid）\Prj\IAR\DZ10_Debug\Obj\MK60_DWT.o
#        C:\Users\cyfch\Desktop\纯试车版本（改了昨晚的pid）\Prj\IAR\DZ10_Debug\Obj\MK60_flash.o
#        C:\Users\cyfch\Desktop\纯试车版本（改了昨晚的pid）\Prj\IAR\DZ10_Debug\Obj\MK60_flexbus.o
#        C:\Users\cyfch\Desktop\纯试车版本（改了昨晚的pid）\Prj\IAR\DZ10_Debug\Obj\MK60_ftm.o
#        C:\Users\cyfch\Desktop\纯试车版本（改了昨晚的pid）\Prj\IAR\DZ10_Debug\Obj\MK60_gpio.o
#        C:\Users\cyfch\Desktop\纯试车版本（改了昨晚的pid）\Prj\IAR\DZ10_Debug\Obj\MK60_i2c.o
#        C:\Users\cyfch\Desktop\纯试车版本（改了昨晚的pid）\Prj\IAR\DZ10_Debug\Obj\MK60_it.o
#        C:\Users\cyfch\Desktop\纯试车版本（改了昨晚的pid）\Prj\IAR\DZ10_Debug\Obj\MK60_lptmr.o
#        C:\Users\cyfch\Desktop\纯试车版本（改了昨晚的pid）\Prj\IAR\DZ10_Debug\Obj\MK60_mcg.o
#        C:\Users\cyfch\Desktop\纯试车版本（改了昨晚的pid）\Prj\IAR\DZ10_Debug\Obj\MK60_PIT.o
#        C:\Users\cyfch\Desktop\纯试车版本（改了昨晚的pid）\Prj\IAR\DZ10_Debug\Obj\MK60_port.o
#        C:\Users\cyfch\Desktop\纯试车版本（改了昨晚的pid）\Prj\IAR\DZ10_Debug\Obj\MK60_rtc.o
#        C:\Users\cyfch\Desktop\纯试车版本（改了昨晚的pid）\Prj\IAR\DZ10_Debug\Obj\MK60_sdhc.o
#        C:\Users\cyfch\Desktop\纯试车版本（改了昨晚的pid）\Prj\IAR\DZ10_Debug\Obj\MK60_spi.o
#        C:\Users\cyfch\Desktop\纯试车版本（改了昨晚的pid）\Prj\IAR\DZ10_Debug\Obj\MK60_SysTick.o
#        C:\Users\cyfch\Desktop\纯试车版本（改了昨晚的pid）\Prj\IAR\DZ10_Debug\Obj\MK60_uart.o
#        C:\Users\cyfch\Desktop\纯试车版本（改了昨晚的pid）\Prj\IAR\DZ10_Debug\Obj\MK60_wdog.o
#        C:\Users\cyfch\Desktop\纯试车版本（改了昨晚的pid）\Prj\IAR\DZ10_Debug\Obj\MPU6050Drive.o
#        C:\Users\cyfch\Desktop\纯试车版本（改了昨晚的pid）\Prj\IAR\DZ10_Debug\Obj\My_I2C.o
#        C:\Users\cyfch\Desktop\纯试车版本（改了昨晚的pid）\Prj\IAR\DZ10_Debug\Obj\pid.o
#        C:\Users\cyfch\Desktop\纯试车版本（改了昨晚的pid）\Prj\IAR\DZ10_Debug\Obj\PIT.o
#        C:\Users\cyfch\Desktop\纯试车版本（改了昨晚的pid）\Prj\IAR\DZ10_Debug\Obj\pushrod.o
#        C:\Users\cyfch\Desktop\纯试车版本（改了昨晚的pid）\Prj\IAR\DZ10_Debug\Obj\queen.o
#        C:\Users\cyfch\Desktop\纯试车版本（改了昨晚的pid）\Prj\IAR\DZ10_Debug\Obj\remote.o
#        C:\Users\cyfch\Desktop\纯试车版本（改了昨晚的pid）\Prj\IAR\DZ10_Debug\Obj\startup_MK60DZ10.o
#        C:\Users\cyfch\Desktop\纯试车版本（改了昨晚的pid）\Prj\IAR\DZ10_Debug\Obj\system_MK60DZ10.o
#        C:\Users\cyfch\Desktop\纯试车版本（改了昨晚的pid）\Prj\IAR\DZ10_Debug\Obj\Task.o
#        C:\Users\cyfch\Desktop\纯试车版本（改了昨晚的pid）\Prj\IAR\DZ10_Debug\Obj\UART.o
#        C:\Users\cyfch\Desktop\纯试车版本（改了昨晚的pid）\Prj\IAR\DZ10_Debug\Obj\VCAN_key.o
#        C:\Users\cyfch\Desktop\纯试车版本（改了昨晚的pid）\Prj\IAR\DZ10_Debug\Obj\VCAN_LED.o
#        C:\Users\cyfch\Desktop\纯试车版本（改了昨晚的pid）\Prj\IAR\DZ10_Debug\Obj\vectors.o
#        C:\Users\cyfch\Desktop\纯试车版本（改了昨晚的pid）\Prj\IAR\DZ10_Debug\Obj\version.o
#        --redirect _Printf=_PrintfLargeNoMb --redirect _Scanf=_ScanfLargeNoMb
#        --no_out_extension -o
#        C:\Users\cyfch\Desktop\纯试车版本（改了昨晚的pid）\Prj\IAR\DZ10_Debug\Exe\vcan_Kinetis.out
#        --map
#        C:\Users\cyfch\Desktop\纯试车版本（改了昨晚的pid）\Prj\IAR\DZ10_Debug\List\vcan_Kinetis.map
#        --config
#        "C:\Users\cyfch\Desktop\纯试车版本（改了昨晚的pid）\Prj\IAR\config
#        files\vcan_ROM_K60N512.icf" --entry __iar_program_start --vfe
#        --text_out locale)
#
###############################################################################

*******************************************************************************
*** RUNTIME MODEL ATTRIBUTES
***

CppFlavor       = *
__SystemLibrary = DLib
__dlib_version  = 6


*******************************************************************************
*** HEAP SELECTION
***

The basic heap was selected because no calls to memory allocation
functions were found in the application outside of system library
functions, and there are calls to deallocation functions in the
application.


*******************************************************************************
*** PLACEMENT SUMMARY
***

"A0":  place at 0x0 { ro section .intvec };
"A1":  place at 0x410 { ro section .noinit };
define block CodeRelocate { section .textrw_init };
"P1":  place in [from 0x0 to 0x8'0000] { ro, block CodeRelocate };
define block CodeRelocateRam { section .textrw };
define block CSTACK with size = 4K, alignment = 8 { };
define block HEAP with size = 2K, alignment = 8 { };
"P2":  place in [from 0x1fff'0410 to 0x2001'0000] {
          rw, block CodeRelocateRam, block CSTACK, block HEAP };
initialize manually with packing = copy, complex ranges { section .data };
initialize manually with packing = copy, complex ranges { section .textrw };

  Section              Kind         Address    Size  Object
  -------              ----         -------    ----  ------
"A0":                                         0x410
  .intvec              const            0x0   0x410  vectors.o [1]
                                    - 0x410   0x410

"A1":                                           0x8
  .noinit              ro code        0x410     0x8  startup_MK60DZ10.o [1]
                                    - 0x418     0x8

"P1":                                        0x71ec
  .text                ro code        0x418   0xc2e  xprintflarge_nomb.o [2]
  .text                ro code       0x1046    0x3a  zero_init3.o [4]
  .text                ro code       0x1080    0x16  strchr.o [4]
  .rodata              const         0x1096     0x2  chassis_get_control.o [1]
  .text                ro code       0x1098    0x40  xfail_s.o [2]
  .text                ro code       0x10d8    0x36  strlen.o [4]
  .text                ro code       0x1110    0x58  memchr.o [4]
  .text                ro code       0x1168   0x230  I64DivMod.o [4]
  .text                ro code       0x1398   0x1a2  DblMul.o [3]
  .text                ro code       0x153c    0xa6  ABImemcpy.o [4]
  .text                ro code       0x15e4    0x70  frexp.o [3]
  .text                ro code       0x1654    0x2e  DblCmpLe.o [3]
  .text                ro code       0x1684   0x246  DblDiv.o [3]
  .text                ro code       0x18cc    0x28  DblToU32.o [3]
  .text                ro code       0x18f4    0x1a  U32ToDbl.o [3]
  .text                ro code       0x1910    0xe2  DblSub.o [3]
  .text                ro code       0x19f4     0x8  xlocale_c.o [2]
  .text                ro code       0x19fc     0x6  abort.o [2]
  .text                ro code       0x1a04     0x2  I64DivZer.o [4]
  .text                ro code       0x1a08   0x17a  DblAdd.o [3]
  .text                ro code       0x1b84     0xc  XXexit.o [4]
  .data_init                         0x1b90   0x91c  <Block>
    Initializer bytes  const         0x1b90   0x91c  <for .data-1>
  .text                ro code       0x24ac   0x6e4  chassis.o [1]
  .text                ro code       0x2b90   0x11c  CAN_Control.o [1]
  .text                ro code       0x2cac    0xe2  FltAdd.o [3]
  .text                ro code       0x2d90    0x80  FltSub.o [3]
  .text                ro code       0x2e10    0x24  FltCmpGe.o [3]
  .text                ro code       0x2e34    0x24  FltCmpLe.o [3]
  .text                ro code       0x2e58    0xd8  FltMul.o [3]
  .text                ro code       0x2f30    0x48  FltToDbl.o [3]
  .text                ro code       0x2f78    0xf2  sqrt.o [3]
  .text                ro code       0x306c    0x68  DblToFlt.o [3]
  .text                ro code       0x30d4    0x24  S32ToFlt.o [3]
  .text                ro code       0x30f8    0x2a  FltToS32.o [3]
  .text                ro code       0x3124   0x3b0  pid.o [1]
  .text                ro code       0x34d4    0x22  S32ToDbl.o [3]
  .text                ro code       0x34f8    0xfc  FltDiv.o [3]
  .text                ro code       0x35f4    0x3a  DblToS32.o [3]
  .text                ro code       0x3630    0xbc  CL_FUN.o [1]
  .text                ro code       0x36ec   0x528  MK60_can.o [1]
  .text                ro code       0x3c14    0x50  misc.o [1]
  .text                ro code       0x3c64   0x1fc  MK60_gpio.o [1]
  .text                ro code       0x3e60    0x2e  DblCmpGe.o [3]
  .text                ro code       0x3e90    0xb4  MK60_port.o [1]
  Veneer               ro code       0x3f44     0x8  - Linker created -
  Veneer               ro code       0x3f4c     0x8  - Linker created -
  .text                ro code       0x3f54   0x140  MK60_conf.o [1]
  .text                ro code       0x4094    0xac  VCAN_LED.o [1]
  .text                ro code       0x4140    0x28  printf.o [2]
  .text                ro code       0x4168    0x60  MK60_SysTick.o [1]
  .text                ro code       0x41c8   0x2d0  MK60_uart.o [1]
  .text                ro code       0x4498    0x9c  VCAN_key.o [1]
  .text                ro code       0x4534   0x51c  chassis_get_control.o [1]
  .text                ro code       0x4a50   0x29e  MPU6050Drive.o [1]
  .text                ro code       0x4cee    0xa4  electromagnet.o [1]
  .text                ro code       0x4d94    0x3c  EQTask.o [1]
  .text                ro code       0x4dd0   0x112  atan2_64.o [3]
  .text                ro code       0x4ee4   0x424  cos_sin64.o [3]
  .text                ro code       0x5308   0x272  My_I2C.o [1]
  .text                ro code       0x557c   0x11c  Task.o [1]
  .text                ro code       0x5698   0x250  iar_Atan64.o [3]
  .text                ro code       0x58e8    0x8a  pushrod.o [1]
  .text                ro code       0x5974   0x370  MK60_ftm.o [1]
  .text                ro code       0x5ce4   0x470  LCD12864.o [1]
  .text                ro code       0x6154    0x1c  FltCmpEq.o [3]
  Veneer               ro code       0x6170     0x8  - Linker created -
  .text                ro code       0x6178   0x3a4  MK60_mcg.o [1]
  .rodata              const         0x651c   0x228  LCD12864.o [1]
  .text                ro code       0x6744   0x1f0  remote.o [1]
  .text                ro code       0x6934   0x1e0  PIT.o [1]
  .text                ro code       0x6b14   0x150  MK60_PIT.o [1]
  .text                ro code       0x6c64   0x198  Butten.o [1]
  CodeRelocate                       0x6dfc   0x1b8  <Block>
    Initializer bytes  const         0x6dfc   0x1b8  <for CodeRelocateRam-1>
  .text                ro code       0x6fb4   0x170  main.o [1]
  .text                ro code       0x7124   0x100  system_MK60DZ10.o [1]
  .text                ro code       0x7224    0x3c  MK60_wdog.o [1]
  .rodata              const         0x7260    0x40  MK60_flash.o [1]
  .rodata              const         0x72a0    0x40  MK60_SysTick.o [1]
  .rodata              const         0x72e0    0x3c  MK60_can.o [1]
  .rodata              const         0x731c    0x3c  MK60_conf.o [1]
  .rodata              const         0x7358    0x3c  MK60_ftm.o [1]
  .rodata              const         0x7394    0x3c  MK60_gpio.o [1]
  .rodata              const         0x73d0    0x3c  MK60_PIT.o [1]
  .rodata              const         0x740c    0x3c  MK60_uart.o [1]
  .rodata              const         0x7448    0x38  misc.o [1]
  .text                ro code       0x7480    0x28  data_init.o [4]
  .rodata              const         0x74a8    0x24  MK60_conf.o [1]
  .iar.init_table      const         0x74cc    0x10  - Linker created -
  .rodata              const         0x74dc    0x20  MK60_conf.o [1]
  .text                ro code       0x74fc    0x1e  cmain.o [4]
  .text                ro code       0x751a     0x4  low_level_init.o [2]
  .text                ro code       0x751e     0x4  exit.o [2]
  .text                ro code       0x7524     0xa  cexit.o [4]
  .text                ro code       0x752e    0x16  xprout.o [2]
  .text                ro code       0x7544     0xc  putchar.o [2]
  .rodata              const         0x7550    0x14  MK60_conf.o [1]
  .rodata              const         0x7564     0xc  chassis.o [1]
  .rodata              const         0x7570     0xc  chassis.o [1]
  .rodata              const         0x757c     0xc  chassis.o [1]
  .rodata              const         0x7588     0xc  chassis.o [1]
  .rodata              const         0x7594     0xc  chassis.o [1]
  .rodata              const         0x75a0     0xc  chassis.o [1]
  .rodata              const         0x75ac     0xc  chassis.o [1]
  .rodata              const         0x75b8     0xc  chassis.o [1]
  .rodata              const         0x75c4     0xc  chassis.o [1]
  .rodata              const         0x75d0     0xc  chassis.o [1]
  .rodata              const         0x75dc     0xc  chassis.o [1]
  .rodata              const         0x75e8     0xc  chassis.o [1]
  .text                ro code       0x75f4     0xc  cstartup_M.o [4]
  .rodata              const         0x7600     0x4  xlocale_c.o [2]
  .rodata              const         0x7604     0x0  zero_init3.o [4]
                                   - 0x7604  0x71ec

"P2", part 1 of 2:                            0xad4
  .data                         0x1fff'0410   0x91c  <Block>
    .data-1                     0x1fff'0410   0x91a  <Init block>
      .data            inited   0x1fff'0410     0x4  CAN_Control.o [1]
      .data            inited   0x1fff'0414    0x10  chassis.o [1]
      .data            inited   0x1fff'0424    0x10  chassis.o [1]
      .data            inited   0x1fff'0434     0x4  chassis_get_control.o [1]
      .data            inited   0x1fff'0438     0x8  MK60_can.o [1]
      .data            inited   0x1fff'0440    0x60  MK60_can.o [1]
      .data            inited   0x1fff'04a0    0x60  MK60_can.o [1]
      .data            inited   0x1fff'0500   0x708  MK60_conf.o [1]
      .data            inited   0x1fff'0c08     0xc  MK60_ftm.o [1]
      .data            inited   0x1fff'0c14    0x14  MK60_gpio.o [1]
      .data            inited   0x1fff'0c28    0x44  MK60_mcg.o [1]
      .data            inited   0x1fff'0c6c     0x4  MK60_mcg.o [1]
      .data            inited   0x1fff'0c70    0x14  MK60_port.o [1]
      .data            inited   0x1fff'0c84    0x18  MK60_uart.o [1]
      .data            inited   0x1fff'0c9c     0x8  VCAN_key.o [1]
      .data            inited   0x1fff'0ca4     0x4  VCAN_LED.o [1]
      .data            inited   0x1fff'0ca8    0x38  xlocale_c.o [2]
      .data            inited   0x1fff'0ce0    0x48  xfiles.o [2]
      .data            inited   0x1fff'0d28     0x1  Butten.o [1]
      .data            inited   0x1fff'0d29     0x1  Task.o [1]
  CodeRelocateRam               0x1fff'0d2c   0x1b8  <Block>
    CodeRelocateRam-1           0x1fff'0d2c   0x1b8  <Init block>
      Veneer           inited   0x1fff'0d2c     0x8  - Linker created -
      Veneer           inited   0x1fff'0d34     0x8  - Linker created -
      .textrw          inited   0x1fff'0d3c   0x160  MK60_flash.o [1]
      .textrw          inited   0x1fff'0e9c    0x48  MK60_mcg.o [1]
                              - 0x1fff'0ee4   0xad4

"P2", part 2 of 2:                            0x874
  .bss                          0x1fff'0ee4   0x874  <Block>
    .bss               zero     0x1fff'0ee4     0x4  Butten.o [1]
    .bss               zero     0x1fff'0ee8    0x10  Butten.o [1]
    .bss               zero     0x1fff'0ef8    0x10  Butten.o [1]
    .bss               zero     0x1fff'0f08    0x10  Butten.o [1]
    .bss               zero     0x1fff'0f18     0x8  CAN_Control.o [1]
    .bss               zero     0x1fff'0f20    0x20  CAN_Control.o [1]
    .bss               zero     0x1fff'0f40     0x8  CAN_Control.o [1]
    .bss               zero     0x1fff'0f48     0x4  CAN_Control.o [1]
    .bss               zero     0x1fff'0f4c    0x30  chassis.o [1]
    .bss               zero     0x1fff'0f7c   0x150  chassis.o [1]
    .bss               zero     0x1fff'10cc   0x348  chassis.o [1]
    .bss               zero     0x1fff'1414    0xfc  chassis.o [1]
    .bss               zero     0x1fff'1510    0xa8  chassis.o [1]
    .bss               zero     0x1fff'15b8    0x10  chassis.o [1]
    .bss               zero     0x1fff'15c8     0x4  chassis.o [1]
    .bss               zero     0x1fff'15cc     0x4  chassis.o [1]
    .bss               zero     0x1fff'15d0     0x4  chassis.o [1]
    .bss               zero     0x1fff'15d4     0x4  chassis.o [1]
    .bss               zero     0x1fff'15d8     0x4  chassis.o [1]
    .bss               zero     0x1fff'15dc     0x4  chassis.o [1]
    .bss               zero     0x1fff'15e0     0x4  chassis.o [1]
    .bss               zero     0x1fff'15e4     0x4  chassis.o [1]
    .bss               zero     0x1fff'15e8     0x8  chassis_get_control.o [1]
    .bss               zero     0x1fff'15f0    0x18  chassis_get_control.o [1]
    .bss               zero     0x1fff'1608    0x10  chassis_get_control.o [1]
    .bss               zero     0x1fff'1618     0x4  chassis_get_control.o [1]
    .bss               zero     0x1fff'161c    0x34  chassis_get_control.o [1]
    .bss               zero     0x1fff'1650     0x4  chassis_get_control.o [1]
    .bss               zero     0x1fff'1654     0x4  chassis_get_control.o [1]
    .bss               zero     0x1fff'1658     0x4  chassis_get_control.o [1]
    .bss               zero     0x1fff'165c     0x4  chassis_get_control.o [1]
    .bss               zero     0x1fff'1660     0x4  chassis_get_control.o [1]
    .bss               zero     0x1fff'1664     0x4  chassis_get_control.o [1]
    .bss               zero     0x1fff'1668     0x4  chassis_get_control.o [1]
    .bss               zero     0x1fff'166c     0x4  chassis_get_control.o [1]
    .bss               zero     0x1fff'1670     0x4  chassis_get_control.o [1]
    .bss               zero     0x1fff'1674     0xc  MK60_ftm.o [1]
    .bss               zero     0x1fff'1680    0x18  MPU6050Drive.o [1]
    .bss               zero     0x1fff'1698    0x18  MPU6050Drive.o [1]
    .bss               zero     0x1fff'16b0     0x4  MPU6050Drive.o [1]
    .bss               zero     0x1fff'16b4     0x4  PIT.o [1]
    .bss               zero     0x1fff'16b8     0x4  PIT.o [1]
    .bss               zero     0x1fff'16bc     0x4  PIT.o [1]
    .bss               zero     0x1fff'16c0     0x4  PIT.o [1]
    .bss               zero     0x1fff'16c4     0x4  remote.o [1]
    .bss               zero     0x1fff'16c8     0x4  remote.o [1]
    .bss               zero     0x1fff'16cc     0x4  remote.o [1]
    .bss               zero     0x1fff'16d0     0x4  remote.o [1]
    .bss               zero     0x1fff'16d4     0x4  remote.o [1]
    .bss               zero     0x1fff'16d8     0x4  system_MK60DZ10.o [1]
    .bss               zero     0x1fff'16dc     0x4  system_MK60DZ10.o [1]
    .bss               zero     0x1fff'16e0     0x4  system_MK60DZ10.o [1]
    .bss               zero     0x1fff'16e4     0x4  Task.o [1]
    .bss               zero     0x1fff'16e8     0x4  Task.o [1]
    .bss               zero     0x1fff'16ec     0x4  Task.o [1]
    .bss               zero     0x1fff'16f0     0x4  Task.o [1]
    .bss               zero     0x1fff'16f4     0x4  xfail_s.o [2]
    .bss               zero     0x1fff'16f8    0x50  xfiles.o [2]
    .bss               zero     0x1fff'1748     0x2  chassis_get_control.o [1]
    .bss               zero     0x1fff'174a     0x1  Butten.o [1]
    .bss               zero     0x1fff'174b     0x1  CAN_Control.o [1]
    .bss               zero     0x1fff'174c     0x1  chassis.o [1]
    .bss               zero     0x1fff'174d     0x1  chassis_get_control.o [1]
    .bss               zero     0x1fff'174e     0x1  chassis_get_control.o [1]
    .bss               zero     0x1fff'174f     0x1  main.o [1]
    .bss               zero     0x1fff'1750     0x1  main.o [1]
    .bss               zero     0x1fff'1751     0x1  main.o [1]
    .bss               zero     0x1fff'1752     0x1  remote.o [1]
    .bss               zero     0x1fff'1753     0x1  remote.o [1]
    .bss               zero     0x1fff'1754     0x1  remote.o [1]
    .bss               zero     0x1fff'1755     0x1  remote.o [1]
                              - 0x1fff'1758   0x874

Unused ranges:

         From           To      Size
         ----           --      ----
       0x7604     0x8'0000  0x7'89fd
  0x1fff'1758  0x2001'0000  0x1'e8a9


*******************************************************************************
*** INIT TABLE
***

          Address      Size
          -------      ----
Zero (__iar_zero_init3)
    1 destination range, total size 0x872:
          0x1fff'0ee4  0x872



*******************************************************************************
*** MODULE SUMMARY
***

    Module                 ro code  rw code  ro data  rw data
    ------                 -------  -------  -------  -------
command line/config:
    ---------------------------------------------------------
    Total:

C:\Users\cyfch\Desktop\纯试车版本（改了昨晚的pid）\Prj\IAR\DZ10_Debug\Obj: [1]
    Butten.o                   408                 1       54
    CAN_Control.o              284                 4       57
    CL_FUN.o                   188
    EQTask.o                    60
    LCD12864.o               1 136               552
    MK60_PIT.o                 336                60
    MK60_SysTick.o              96                64
    MK60_can.o               1 320               260      200
    MK60_conf.o                320             1 948    1 800
    MK60_flash.o                        352      416
    MK60_ftm.o                 880                72       24
    MK60_gpio.o                508                80       20
    MK60_mcg.o                 932       72      144       72
    MK60_port.o                180                20       20
    MK60_uart.o                720                84       24
    MK60_wdog.o                 60
    MPU6050Drive.o             670                         52
    My_I2C.o                   626
    PIT.o                      480                         16
    Task.o                     284                 1       17
    VCAN_LED.o                 172                 4        4
    VCAN_key.o                 156                 8        8
    chassis.o                1 764               176    1 725
    chassis_get_control.o    1 308                 6      148
    electromagnet.o            164
    main.o                     368                          3
    misc.o                      80                56
    pid.o                      944
    pushrod.o                  138
    remote.o                   496                         24
    startup_MK60DZ10.o           8
    system_MK60DZ10.o          256                         12
    vectors.o                                  1 040
    ---------------------------------------------------------
    Total:                  15 342      424    4 996    4 280

dl7M_tlf.a: [2]
    abort.o                      6
    exit.o                       4
    low_level_init.o             4
    printf.o                    40
    putchar.o                   12
    xfail_s.o                   64                          4
    xfiles.o                                      72      152
    xlocale_c.o                  8                60       56
    xprintflarge_nomb.o      3 118
    xprout.o                    22
    ---------------------------------------------------------
    Total:                   3 278               132      212

m7M_tl.a: [3]
    DblAdd.o                   378
    DblCmpGe.o                  46
    DblCmpLe.o                  46
    DblDiv.o                   582
    DblMul.o                   418
    DblSub.o                   226
    DblToFlt.o                 104
    DblToS32.o                  58
    DblToU32.o                  40
    FltAdd.o                   226
    FltCmpEq.o                  28
    FltCmpGe.o                  36
    FltCmpLe.o                  36
    FltDiv.o                   252
    FltMul.o                   216
    FltSub.o                   128
    FltToDbl.o                  72
    FltToS32.o                  42
    S32ToDbl.o                  34
    S32ToFlt.o                  36
    U32ToDbl.o                  26
    atan2_64.o                 274
    cos_sin64.o              1 060
    frexp.o                    112
    iar_Atan64.o               592
    sqrt.o                     242
    ---------------------------------------------------------
    Total:                   5 310

rt7M_tl.a: [4]
    ABImemcpy.o                166
    I64DivMod.o                560
    I64DivZer.o                  2
    XXexit.o                    12
    cexit.o                     10
    cmain.o                     30
    cstartup_M.o                12
    data_init.o                 40
    memchr.o                    88
    strchr.o                    22
    strlen.o                    54
    zero_init3.o                58
    ---------------------------------------------------------
    Total:                   1 054

    Gaps                        42
    Linker created              24       16       34
-------------------------------------------------------------
    Grand Total:            25 050      440    5 162    4 492


*******************************************************************************
*** ENTRY LIST
***

Entry                       Address   Size  Type      Object
-----                       -------   ----  ----      ------
.bss$$Base              0x1fff'0ee4          --   Gb  - Linker created -
.bss$$Limit             0x1fff'1758          --   Gb  - Linker created -
.data$$Base             0x1fff'0410          --   Gb  - Linker created -
.data$$Limit            0x1fff'0d2c          --   Gb  - Linker created -
.data_init$$Base             0x1b90          --   Gb  - Linker created -
.data_init$$Limit            0x24ac          --   Gb  - Linker created -
.iar.init_table$$Base        0x74cc          --   Gb  - Linker created -
.iar.init_table$$Limit       0x74dc          --   Gb  - Linker created -
?main                        0x74fd         Code  Gb  cmain.o [4]
ASSERT_FAILED_STR            0x74a8   0x24  Data  Gb  MK60_conf.o [1]
Accel_OriginData        0x1fff'1680   0x18  Data  Gb  MPU6050Drive.o [1]
Achieve_Gyro                 0x4559   0x14  Code  Gb  chassis_get_control.o [1]
AngleControlValue       0x1fff'15c8    0x4  Data  Gb  chassis.o [1]
AngleLoop_init               0x28af   0x76  Code  Gb  chassis.o [1]
AnglePID1                    0x7564    0xc  Data  Gb  chassis.o [1]
AnglePID2                    0x7570    0xc  Data  Gb  chassis.o [1]
AnglePID3                    0x757c    0xc  Data  Gb  chassis.o [1]
AnglePID4                    0x7588    0xc  Data  Gb  chassis.o [1]
AnglePID5                    0x7594    0xc  Data  Gb  chassis.o [1]
AnglePID7                    0x75a0    0xc  Data  Gb  chassis.o [1]
Angle_Control                0x2925   0x7a  Code  Gb  chassis.o [1]
Angle_PID               0x1fff'10cc  0x348  Data  Gb  chassis.o [1]
BSP_Init                     0x6ff3   0x78  Code  Gb  main.o [1]
ButtenCount             0x1fff'0ef8   0x10  Data  Gb  Butten.o [1]
CANN                    0x1fff'0438    0x8  Data  Gb  MK60_can.o [1]
CAN_Control_Data        0x1fff'0f18    0x8  Data  Gb  CAN_Control.o [1]
CAN_Get_Message              0x2c15   0x6e  Code  Gb  CAN_Control.o [1]
CAN_Init                     0x2b91   0x2e  Code  Gb  CAN_Control.o [1]
CAN_Receive_Data        0x1fff'0f40    0x8  Data  Gb  CAN_Control.o [1]
CORRw                   0x1fff'166c    0x4  Data  Gb  chassis_get_control.o [1]
CORRx                   0x1fff'1664    0x4  Data  Gb  chassis_get_control.o [1]
CORRy                   0x1fff'1668    0x4  Data  Gb  chassis_get_control.o [1]
ChassisPIDKdList        0x1fff'15b8   0x10  Data  Gb  chassis.o [1]
ChassisPIDKiList        0x1fff'0424   0x10  Data  Gb  chassis.o [1]
ChassisPIDKpList        0x1fff'0414   0x10  Data  Gb  chassis.o [1]
Chassis_CAN_Cmd              0x2bbf   0x56  Code  Gb  CAN_Control.o [1]
Chassis_Motion          0x1fff'0f4c   0x30  Data  Gb  chassis.o [1]
Chassis_PID             0x1fff'0f7c  0x150  Data  Gb  chassis.o [1]
Chassist_init                0x6745   0x12  Code  Gb  remote.o [1]
Check_HoldOrDownFinish       0x566b   0x16  Code  Gb  Task.o [1]
Check_Key                    0x6c65  0x116  Code  Gb  Butten.o [1]
CodeRelocate$$Base           0x6dfc          --   Gb  - Linker created -
CodeRelocate$$Limit          0x6fb4          --   Gb  - Linker created -
CodeRelocateRam$$Base   0x1fff'0d2c          --   Gb  - Linker created -
CodeRelocateRam$$Limit  0x1fff'0ee4          --   Gb  - Linker created -
Create_Send                  0x456d   0xce  Code  Gb  chassis_get_control.o [1]
DRw                     0x1fff'1660    0x4  Data  Gb  chassis_get_control.o [1]
DRx                     0x1fff'1658    0x4  Data  Gb  chassis_get_control.o [1]
DRy                     0x1fff'165c    0x4  Data  Gb  chassis_get_control.o [1]
Dead_Recking                 0x479f  0x1dc  Code  Gb  chassis_get_control.o [1]
Dead_Recking_Reset           0x497b   0x30  Code  Gb  chassis_get_control.o [1]
Delta_Time              0x1fff'1654    0x4  Data  Gb  chassis_get_control.o [1]
Direction_AnglePID           0x75e8    0xc  Data  Gb  chassis.o [1]
Distance                0x1fff'1670    0x4  Data  Gb  chassis_get_control.o [1]
DoTaskEx                     0x4d95   0x34  Code  Gb  EQTask.o [1]
F6x8                         0x651c  0x228  Data  Gb  LCD12864.o [1]
FTMN                    0x1fff'0c08    0xc  Data  Gb  MK60_ftm.o [1]
FTM_port_mux                 0x5975  0x102  Code  Lc  MK60_ftm.o [1]
Flag_Downing            0x1fff'1750    0x1  Data  Gb  main.o [1]
Flag_Holding            0x1fff'174f    0x1  Data  Gb  main.o [1]
Flag_RemoteStopCar      0x1fff'1754    0x1  Data  Gb  remote.o [1]
Flag_SendIMUData        0x1fff'1751    0x1  Data  Gb  main.o [1]
Flag_StartPressOnce     0x1fff'1755    0x1  Data  Gb  remote.o [1]
GPIOX                   0x1fff'0c14   0x14  Data  Gb  MK60_gpio.o [1]
GYROBuff                0x1fff'16b0    0x4  Data  Gb  MPU6050Drive.o [1]
GYRO_OriginData         0x1fff'1698   0x18  Data  Gb  MPU6050Drive.o [1]
GetOData                     0x4b17   0x32  Code  Gb  MPU6050Drive.o [1]
GetRemoteCMDData             0x677b   0x8c  Code  Gb  remote.o [1]
Get_AccData                  0x4b9b   0x42  Code  Gb  MPU6050Drive.o [1]
Get_GyroWithMPU6050          0x4bdd   0x20  Code  Gb  MPU6050Drive.o [1]
Get_IMU2D                    0x4b49   0x52  Code  Gb  MPU6050Drive.o [1]
Get_OffsetWithMPU6050        0x4c09   0xe6  Code  Gb  MPU6050Drive.o [1]
Gyro_Send                    0x463b   0x1e  Code  Gb  chassis_get_control.o [1]
HoldAndDownForTimer          0x557d   0xba  Code  Gb  Task.o [1]
HoldAndDownStatus       0x1fff'0d29    0x1  Data  Gb  Task.o [1]
HoldChess_count         0x1fff'16ec    0x4  Data  Gb  Task.o [1]
I2C_SendACK                  0x53b7   0x4a  Code  Gb  My_I2C.o [1]
IIC_init                     0x5309   0x28  Code  Gb  My_I2C.o [1]
IIC_start                    0x5347   0x38  Code  Gb  My_I2C.o [1]
IIC_stop                     0x537f   0x38  Code  Gb  My_I2C.o [1]
InitMPU6050                  0x4a51   0xc6  Code  Gb  MPU6050Drive.o [1]
KEY_PTxn                0x1fff'0c9c    0x8  Data  Gb  VCAN_key.o [1]
LCD_DLY_ms                   0x5df3   0x16  Code  Gb  LCD12864.o [1]
LCD_Fill                     0x5db3   0x40  Code  Gb  LCD12864.o [1]
LCD_Init                     0x5e09  0x100  Code  Gb  LCD12864.o [1]
LCD_P6x8Str                  0x5f09   0x72  Code  Gb  LCD12864.o [1]
LCD_Print16                  0x5f7b   0xe6  Code  Gb  LCD12864.o [1]
LCD_Set_Pos                  0x5d83   0x30  Code  Gb  LCD12864.o [1]
LCD_WrCmd                    0x5d35   0x4e  Code  Gb  LCD12864.o [1]
LCD_WrDat                    0x5ce5   0x4e  Code  Gb  LCD12864.o [1]
LEDHintStart                 0x6d7b    0x6  Code  Gb  Butten.o [1]
LEDHintStatus           0x1fff'0d28    0x1  Data  Gb  Butten.o [1]
LED_PTxn                0x1fff'0ca4    0x4  Data  Gb  VCAN_LED.o [1]
LoadInt                       0x5bd   0x7a  Code  Lc  xprintflarge_nomb.o [2]
MotorData               0x1fff'0f20   0x20  Data  Gb  CAN_Control.o [1]
My_Delay_Us                  0x5331   0x16  Code  Gb  My_I2C.o [1]
NVIC_DisableIRQ              0x3703   0x16  Code  Lc  MK60_can.o [1]
NVIC_DisableIRQ              0x41df   0x16  Code  Lc  MK60_uart.o [1]
NVIC_EnableIRQ               0x36ed   0x16  Code  Lc  MK60_can.o [1]
NVIC_EnableIRQ               0x41c9   0x16  Code  Lc  MK60_uart.o [1]
NVIC_EnableIRQ               0x6935   0x14  Code  Lc  PIT.o [1]
NVIC_SetPriority             0x6fcf   0x24  Code  Lc  main.o [1]
NVIC_SetPriorityGrouping
                             0x6fb5   0x1a  Code  Lc  main.o [1]
NVIC_SystemReset             0x3f55   0x18  Code  Lc  MK60_conf.o [1]
NowMode                 0x1fff'174c    0x1  Data  Gb  chassis.o [1]
NowSwitchCheck          0x1fff'16b4    0x4  Data  Gb  PIT.o [1]
NowSwitchStatus         0x1fff'16b8    0x4  Data  Gb  PIT.o [1]
OLED_PrintFloat              0x6061   0xec  Code  Gb  LCD12864.o [1]
PID_Calc                     0x3161  0x35c  Code  Gb  pid.o [1]
PID_Init                     0x3125   0x3c  Code  Gb  pid.o [1]
PIT0_IRQHandler              0x6995   0xe2  Code  Gb  PIT.o [1]
PIT1_IRQHandler              0x6a79   0x12  Code  Gb  PIT.o [1]
PIT_INIT                     0x6949   0x4a  Code  Gb  PIT.o [1]
PORTX                   0x1fff'0c70   0x14  Data  Gb  MK60_port.o [1]
PlaceChess_count        0x1fff'16f0    0x4  Data  Gb  Task.o [1]
PlannerError_Origin     0x1fff'1608   0x10  Data  Gb  chassis_get_control.o [1]
PlannerError_receive         0x46fd   0xa2  Code  Gb  chassis_get_control.o [1]
PlannerError_uart_init       0x4535   0x24  Code  Gb  chassis_get_control.o [1]
PullingCount_5ms        0x1fff'16e8    0x4  Data  Gb  Task.o [1]
PushingCount_5ms        0x1fff'16e4    0x4  Data  Gb  Task.o [1]
ReceiveBuff             0x1fff'16c8    0x4  Data  Gb  remote.o [1]
ReceiveCMD_Remote            0x6809  0x108  Code  Gb  remote.o [1]
ReceiveIndex            0x1fff'16c4    0x4  Data  Gb  remote.o [1]
Region$$Table$$Base          0x74cc          --   Gb  - Linker created -
Region$$Table$$Limit         0x74dc          --   Gb  - Linker created -
RemoteControl                0x2a23   0x8e  Code  Gb  chassis.o [1]
RemoteData              0x1fff'16cc    0x4  Data  Gb  remote.o [1]
RemoteInit                   0x6757   0x24  Code  Gb  remote.o [1]
Remote_CMD_ReceiveStatus
                        0x1fff'1753    0x1  Data  Gb  remote.o [1]
RenewRunMode                 0x6da3   0x40  Code  Gb  Butten.o [1]
Reset_Handler                 0x411         Code  Gb  startup_MK60DZ10.o [1]
Round                        0x3631   0x88  Code  Gb  CL_FUN.o [1]
RunPolicyMode           0x1fff'174a    0x1  Data  Gb  Butten.o [1]
SCCB_WaitAck                 0x5401   0x42  Code  Gb  My_I2C.o [1]
Send                    0x1fff'15f0   0x18  Data  Gb  chassis_get_control.o [1]
SendRunModeCount        0x1fff'174d    0x1  Data  Gb  chassis_get_control.o [1]
StartDownChess               0x5651   0x1a  Code  Gb  Task.o [1]
StartHoldChess               0x5637   0x1a  Code  Gb  Task.o [1]
StartReceive            0x1fff'1752    0x1  Data  Gb  remote.o [1]
SwitchCheck             0x1fff'0ee4    0x4  Data  Gb  Butten.o [1]
SwitchCount             0x1fff'16bc    0x4  Data  Gb  PIT.o [1]
SwitchFlag              0x1fff'0f08   0x10  Data  Gb  Butten.o [1]
SwitchMode                   0x6a8b   0x54  Code  Gb  PIT.o [1]
SwitchStatus            0x1fff'0ee8   0x10  Data  Gb  Butten.o [1]
Switch_Action                0x6d81   0x22  Code  Gb  Butten.o [1]
TimeMeassured           0x1fff'16c0    0x4  Data  Gb  PIT.o [1]
UARTN                   0x1fff'0c84   0x18  Data  Gb  MK60_uart.o [1]
XControlValue           0x1fff'15cc    0x4  Data  Gb  chassis.o [1]
XLoop_init                   0x299f   0x38  Code  Gb  chassis.o [1]
XPID                         0x75ac    0xc  Data  Gb  chassis.o [1]
XPID2                        0x75b8    0xc  Data  Gb  chassis.o [1]
XPID3                        0x75c4    0xc  Data  Gb  chassis.o [1]
X_Control3                   0x29d7   0x12  Code  Gb  chassis.o [1]
X_PID                   0x1fff'1414   0xfc  Data  Gb  chassis.o [1]
Xmax                    0x1fff'15dc    0x4  Data  Gb  chassis.o [1]
YControlValue           0x1fff'15d0    0x4  Data  Gb  chassis.o [1]
YLoop_init                   0x29e9   0x28  Code  Gb  chassis.o [1]
YPID                         0x75d0    0xc  Data  Gb  chassis.o [1]
YPID2                        0x75dc    0xc  Data  Gb  chassis.o [1]
Y_Control2                   0x2a11   0x12  Code  Gb  chassis.o [1]
Y_PID                   0x1fff'1510   0xa8  Data  Gb  chassis.o [1]
Ymax                    0x1fff'15e0    0x4  Data  Gb  chassis.o [1]
_GenldLargeNoMb               0xd65  0x24c  Code  Lc  xprintflarge_nomb.o [2]
_LdtobLargeNoMb               0xaff  0x23e  Code  Lc  xprintflarge_nomb.o [2]
_LitobLargeNoMb               0x9a7  0x112  Code  Lc  xprintflarge_nomb.o [2]
_Locale_lconv           0x1fff'0ca8   0x38  Data  Lc  xlocale_c.o [2]
_PrintfLargeNoMb              0x419  0x19e  Code  Gb  xprintflarge_nomb.o [2]
_Prout                       0x752f   0x16  Code  Gb  xprout.o [2]
_PutcharsLargeNoMb            0xfb1   0x2e  Code  Lc  xprintflarge_nomb.o [2]
_PutfldLargeNoMb              0x637  0x264  Code  Lc  xprintflarge_nomb.o [2]
_PuttxtLargeNoMb              0x89b  0x10c  Code  Lc  xprintflarge_nomb.o [2]
__BOOT_STACK_ADDRESS {Abs}
                        0x2000'fff8         Data  Gb  <internal module>
__VECTOR_RAM {Abs}      0x1fff'0000         Data  Gb  <internal module>
__VECTOR_TABLE {Abs}            0x0         Data  Gb  <internal module>
__aeabi_cdcmple              0x1655         Code  Gb  DblCmpLe.o [3]
__aeabi_cdrcmple             0x3e61         Code  Gb  DblCmpGe.o [3]
__aeabi_cfcmpeq              0x6155         Code  Gb  FltCmpEq.o [3]
__aeabi_cfcmple              0x2e35         Code  Gb  FltCmpLe.o [3]
__aeabi_cfrcmple             0x2e11         Code  Gb  FltCmpGe.o [3]
__aeabi_d2f                  0x306d         Code  Gb  DblToFlt.o [3]
__aeabi_d2iz                 0x35f5         Code  Gb  DblToS32.o [3]
__aeabi_d2uiz                0x18cd         Code  Gb  DblToU32.o [3]
__aeabi_dadd                 0x1a09         Code  Gb  DblAdd.o [3]
__aeabi_ddiv                 0x1685         Code  Gb  DblDiv.o [3]
__aeabi_dmul                 0x1399         Code  Gb  DblMul.o [3]
__aeabi_dsub                 0x1911         Code  Gb  DblSub.o [3]
__aeabi_f2d                  0x2f31         Code  Gb  FltToDbl.o [3]
__aeabi_f2iz                 0x30f9         Code  Gb  FltToS32.o [3]
__aeabi_fadd                 0x2cad         Code  Gb  FltAdd.o [3]
__aeabi_fdiv                 0x34f9         Code  Gb  FltDiv.o [3]
__aeabi_fmul                 0x2e59         Code  Gb  FltMul.o [3]
__aeabi_fsub                 0x2d91         Code  Gb  FltSub.o [3]
__aeabi_i2d                  0x34d5         Code  Gb  S32ToDbl.o [3]
__aeabi_i2f                  0x30d5         Code  Gb  S32ToFlt.o [3]
__aeabi_ldiv0                0x1a05         Code  Gb  I64DivZer.o [4]
__aeabi_memcpy               0x153d         Code  Gb  ABImemcpy.o [4]
__aeabi_memcpy4              0x155d         Code  Gb  ABImemcpy.o [4]
__aeabi_memcpy8              0x155d         Code  Gb  ABImemcpy.o [4]
__aeabi_ui2d                 0x18f5         Code  Gb  U32ToDbl.o [3]
__aeabi_uldivmod             0x1169         Code  Gb  I64DivMod.o [4]
__cmain                      0x74fd         Code  Gb  cmain.o [4]
__code_start__ {Abs}          0x410         Data  Gb  <internal module>
__exit                       0x1b85         Code  Gb  XXexit.o [4]
__iar_Atan64                 0x5699  0x1b6  Code  Gb  iar_Atan64.o [3]
__iar_Fail_s                 0x1099   0x1c  Code  Gb  xfail_s.o [2]
__iar_Memchr                 0x1111         Code  Gb  memchr.o [4]
__iar_Sin64                  0x4ee5  0x390  Code  Lc  cos_sin64.o [3]
__iar_Stdout            0x1fff'0ce0   0x48  Data  Gb  xfiles.o [2]
__iar_Strchr                 0x1081         Code  Gb  strchr.o [4]
__iar_atan2_64               0x4dd1  0x108  Code  Gb  atan2_64.o [3]
__iar_cos64                  0x5301    0x4  Code  Gb  cos_sin64.o [3]
__iar_cos_medium             0x5301    0x4  Code  Gb  cos_sin64.o [3]
__iar_cos_medium64           0x5301    0x4  Code  Gb  cos_sin64.o [3]
__iar_cos_mediuml            0x5301    0x4  Code  Gb  cos_sin64.o [3]
__iar_dadd                   0x1921         Code  Gb  DblSub.o [3]
__iar_data_init3             0x7481   0x28  Code  Gb  data_init.o [4]
__iar_dsub                   0x1a19         Code  Gb  DblAdd.o [3]
__iar_dsubStart              0x1a2b         Code  Gb  DblAdd.o [3]
__iar_fadd                   0x2d9d         Code  Gb  FltSub.o [3]
__iar_frexp                  0x15f1         Code  Gb  frexp.o [3]
__iar_frexp64                0x15e5         Code  Gb  frexp.o [3]
__iar_frexpl                 0x15f1         Code  Gb  frexp.o [3]
__iar_fsub                   0x2cb9         Code  Gb  FltAdd.o [3]
__iar_fsubStart              0x2cc9         Code  Gb  FltAdd.o [3]
__iar_program_start          0x75f5         Code  Gb  cstartup_M.o [4]
__iar_sin64                  0x5305    0x4  Code  Gb  cos_sin64.o [3]
__iar_sin_medium             0x5305    0x4  Code  Gb  cos_sin64.o [3]
__iar_sin_medium64           0x5305    0x4  Code  Gb  cos_sin64.o [3]
__iar_sin_mediuml            0x5305    0x4  Code  Gb  cos_sin64.o [3]
__iar_sqrt64                 0x2f79         Code  Gb  sqrt.o [3]
__iar_zero_init3             0x1047   0x3a  Code  Gb  zero_init3.o [4]
__low_level_init             0x751b    0x4  Code  Gb  low_level_init.o [2]
__vector_table                  0x0  0x410  Data  Gb  vectors.o [1]
_call_main                   0x7509         Code  Gb  cmain.o [4]
_exit                        0x7525         Code  Gb  cexit.o [4]
_main                        0x7517         Code  Gb  cmain.o [4]
a                            0x58a8   0x40  Data  Lc  iar_Atan64.o [3]
abort                        0x19fd    0x6  Code  Gb  abort.o [2]
assert_failed                0x3f6d   0x26  Code  Gb  MK60_conf.o [1]
atan2                        0x4dd1  0x108  Code  Gb  atan2_64.o [3]
atan2l                       0x4dd1  0x108  Code  Gb  atan2_64.o [3]
bus_clk_khz             0x1fff'16e0    0x4  Data  Gb  system_MK60DZ10.o [1]
can0_mb_handler              0x2c9d   0x10  Code  Gb  CAN_Control.o [1]
can_band_cfg_50000K     0x1fff'0440   0x60  Data  Gb  MK60_can.o [1]
can_band_cfg_60000K     0x1fff'04a0   0x60  Data  Gb  MK60_can.o [1]
can_clear_flag               0x3b0f   0x12  Code  Gb  MK60_can.o [1]
can_init                     0x3719  0x176  Code  Gb  MK60_can.o [1]
can_irq_dis                  0x3ad7   0x38  Code  Gb  MK60_can.o [1]
can_irq_en                   0x3aa5   0x32  Code  Gb  MK60_can.o [1]
can_rx                       0x39d1   0xd4  Code  Gb  MK60_can.o [1]
can_rx_id               0x1fff'0f48    0x4  Data  Gb  CAN_Control.o [1]
can_rxbuff_enble             0x3957   0x7a  Code  Gb  MK60_can.o [1]
can_setband                  0x3b21   0xc4  Code  Gb  MK60_can.o [1]
can_tx                       0x388f   0xc8  Code  Gb  MK60_can.o [1]
can_tx_id               0x1fff'0410    0x4  Data  Gb  CAN_Control.o [1]
chassis                      0x24ad  0x19c  Code  Gb  chassis.o [1]
chassis_analyze              0x27e5   0x22  Code  Gb  chassis.o [1]
chassis_control              0x26a7   0xc6  Code  Gb  chassis.o [1]
chassis_init                 0x2649   0x5e  Code  Gb  chassis.o [1]
chassis_inverse              0x2807   0xa8  Code  Gb  chassis.o [1]
chassis_loop_control         0x276d   0x78  Code  Lc  chassis.o [1]
chksum                  0x1fff'174e    0x1  Data  Gb  chassis_get_control.o [1]
common_startup               0x717f   0x6e  Code  Gb  system_MK60DZ10.o [1]
core_clk_khz            0x1fff'16d8    0x4  Data  Gb  system_MK60DZ10.o [1]
core_clk_mhz            0x1fff'16dc    0x4  Data  Gb  system_MK60DZ10.o [1]
cos                          0x5301    0x4  Code  Gb  cos_sin64.o [3]
cosl                         0x5301    0x4  Code  Gb  cos_sin64.o [3]
count_error_left        0x1fff'16d0    0x4  Data  Gb  remote.o [1]
count_error_right       0x1fff'16d4    0x4  Data  Gb  remote.o [1]
default_isr                  0x4041   0x32  Code  Gb  MK60_conf.o [1]
dist_to_target          0x1fff'15d4    0x4  Data  Gb  chassis.o [1]
do_electromagnet             0x4659   0x3a  Code  Gb  chassis_get_control.o [1]
do_message                   0x4693   0x68  Code  Gb  chassis_get_control.o [1]
electromagnet_init           0x4cef   0x2c  Code  Gb  electromagnet.o [1]
electromagnet_off            0x4d57   0x3c  Code  Gb  electromagnet.o [1]
electromagnet_on             0x4d1b   0x3c  Code  Gb  electromagnet.o [1]
exit                         0x751f    0x4  Code  Gb  exit.o [2]
flash_cmd               0x1fff'0d3d   0x1c  Code  Gb  MK60_flash.o [1]
flash_erase_sector      0x1fff'0d83   0x58  Code  Gb  MK60_flash.o [1]
flash_init              0x1fff'0d59   0x2a  Code  Gb  MK60_flash.o [1]
flash_write             0x1fff'0ddb   0x90  Code  Gb  MK60_flash.o [1]
fputc                        0x3f93   0x14  Code  Gb  MK60_conf.o [1]
frexp                        0x15e5         Code  Gb  frexp.o [3]
frexpl                       0x15e5         Code  Gb  frexp.o [3]
ftm_mod                 0x1fff'1674    0xc  Data  Lc  MK60_ftm.o [1]
ftm_pwm_duty                 0x5beb   0xe2  Code  Gb  MK60_ftm.o [1]
ftm_pwm_init                 0x5a77  0x174  Code  Gb  MK60_ftm.o [1]
gpio_ddr                     0x3d17   0x58  Code  Gb  MK60_gpio.o [1]
gpio_get                     0x3e1b   0x3c  Code  Gb  MK60_gpio.o [1]
gpio_init                    0x3c65   0xb2  Code  Gb  MK60_gpio.o [1]
gpio_set                     0x3d6f   0x70  Code  Gb  MK60_gpio.o [1]
gpio_turn                    0x3ddf   0x3c  Code  Gb  MK60_gpio.o [1]
gz                      0x1fff'1748    0x2  Data  Gb  chassis_get_control.o [1]
imu_2d_raw              0x1fff'15e8    0x8  Data  Gb  chassis_get_control.o [1]
int16_range_protect          0x36c1   0x2c  Code  Gb  CL_FUN.o [1]
key_check                    0x4505   0x2a  Code  Gb  VCAN_key.o [1]
key_get                      0x44ed   0x18  Code  Gb  VCAN_key.o [1]
key_init                     0x4499   0x54  Code  Gb  VCAN_key.o [1]
led                          0x40cf   0x3c  Code  Gb  VCAN_LED.o [1]
led_init                     0x4095   0x3a  Code  Gb  VCAN_LED.o [1]
led_turn                     0x410b   0x32  Code  Gb  VCAN_LED.o [1]
localeconv                   0x19f5    0x4  Code  Gb  xlocale_c.o [2]
main                         0x706b   0x82  Code  Gb  main.o [1]
mcg_cfg                 0x1fff'0c28   0x44  Data  Gb  MK60_mcg.o [1]
mcg_div                 0x1fff'0c6c    0x4  Data  Gb  MK60_mcg.o [1]
mcg_div_count                0x6179  0x2f0  Code  Gb  MK60_mcg.o [1]
memchr                       0x1111         Code  Gb  memchr.o [4]
message                 0x1fff'161c   0x34  Data  Gb  chassis_get_control.o [1]
message_pos             0x1fff'1650    0x4  Data  Gb  chassis_get_control.o [1]
message_size            0x1fff'0434    0x4  Data  Gb  chassis_get_control.o [1]
obuf                    0x1fff'16f8   0x50  Data  Lc  xfiles.o [2]
pit_init                     0x6b15   0x6a  Code  Gb  MK60_PIT.o [1]
pit_time_get                 0x6bf5   0x60  Code  Gb  MK60_PIT.o [1]
pit_time_start               0x6b7f   0x76  Code  Gb  MK60_PIT.o [1]
pll_init                     0x6469   0x96  Code  Gb  MK60_mcg.o [1]
port_init                    0x3e91   0x46  Code  Gb  MK60_port.o [1]
port_init_NoALT              0x3ed7   0x66  Code  Gb  MK60_port.o [1]
preamble                     0x1096    0x2  Data  Gb  chassis_get_control.o [1]
preamble_pos            0x1fff'1618    0x4  Data  Gb  chassis_get_control.o [1]
printf                       0x4141   0x28  Code  Gb  printf.o [2]
pushrod_init                 0x58e9   0x34  Code  Gb  pushrod.o [1]
putchar                      0x7545    0xc  Code  Gb  putchar.o [2]
read_ch                      0x54a5   0x60  Code  Gb  My_I2C.o [1]
rod_control                  0x591d   0x56  Code  Gb  pushrod.o [1]
rv                      0x1fff'15d8    0x4  Data  Gb  chassis.o [1]
rx_buf_len              0x1fff'174b    0x1  Data  Gb  CAN_Control.o [1]
scale                         0xab9   0x46  Code  Lc  xprintflarge_nomb.o [2]
sec_hand                0x1fff'16f4    0x4  Data  Lc  xfail_s.o [2]
send_ch                      0x5443   0x62  Code  Gb  My_I2C.o [1]
set_sys_dividers        0x1fff'0e9d   0x48  Code  Gb  MK60_mcg.o [1]
set_vector_handler           0x3c37   0x20  Code  Gb  misc.o [1]
simiic_read_reg              0x5531   0x4a  Code  Gb  My_I2C.o [1]
simiic_write_reg             0x5505   0x2c  Code  Gb  My_I2C.o [1]
sin                          0x5305    0x4  Code  Gb  cos_sin64.o [3]
sinl                         0x5305    0x4  Code  Gb  cos_sin64.o [3]
speed_max               0x1fff'15e4    0x4  Data  Gb  chassis.o [1]
sqrt                         0x2f79         Code  Gb  sqrt.o [3]
sqrtl                        0x2f79         Code  Gb  sqrt.o [3]
start                        0x7125   0x22  Code  Gb  system_MK60DZ10.o [1]
start_check                  0x3fa7   0x9a  Code  Gb  MK60_conf.o [1]
strchr                       0x1081         Code  Gb  strchr.o [4]
strlen                       0x10d9         Code  Gb  strlen.o [4]
sysinit                      0x7147   0x38  Code  Gb  system_MK60DZ10.o [1]
systick_delay                0x4169   0x32  Code  Gb  MK60_SysTick.o [1]
systick_delay_ms             0x419b   0x18  Code  Gb  MK60_SysTick.o [1]
uart_getchar                 0x43dd   0x1c  Code  Gb  MK60_uart.o [1]
uart_init                    0x41f5  0x1e8  Code  Gb  MK60_uart.o [1]
uart_putchar                 0x43f9   0x1a  Code  Gb  MK60_uart.o [1]
uart_rx_irq_dis              0x443d   0x3a  Code  Gb  MK60_uart.o [1]
uart_rx_irq_en               0x4413   0x2a  Code  Gb  MK60_uart.o [1]
vector_str              0x1fff'0500  0x708  Data  Gb  MK60_conf.o [1]
wdog_disable                 0x7225   0x14  Code  Gb  MK60_wdog.o [1]
wdog_unlock                  0x7239   0x1e  Code  Lc  MK60_wdog.o [1]
write_vtor                   0x3c15   0x22  Code  Gb  misc.o [1]


[1] = C:\Users\cyfch\Desktop\纯试车版本（改了昨晚的pid）\Prj\IAR\DZ10_Debug\Obj
[2] = dl7M_tlf.a
[3] = m7M_tl.a
[4] = rt7M_tl.a

  25 050 bytes of readonly  code memory
     440 bytes of readwrite code memory
   5 162 bytes of readonly  data memory
   4 492 bytes of readwrite data memory

Errors: none
Warnings: none
